[sites.google.com/view/cobrastore.html]
[external.html]
[backblue.gif]
[fade.gif]
[index.html]
[ssl.gstatic.com/atari/images/simple-header-blended-small.png]
[ssl.gstatic.com/docs/common/cleardot.gif]
[apis.google.com/js/clientc932.js]
[www.google-analytics.com/analytics.js]
[sites.google.com/view/cobrastore/cobrastore.html]
[sites.google.com/view/cobrastore/about.html]
[sites.google.com/view/cobrastore/apps.html]
[sites.google.com/view/cobrastore/music.html]
[sites.google.com/view/cobrastore/games.html]
[sites.google.com/view/cobrastore/wallpapers.html]
[sites.google.com/view/cobrastore.html]
[sites.google.com/view/cobrastore/cobrastore.html]
[sites.google.com/view/cobrastore/comments.html]
[sites.google.com/view/cobrastore/update.html]
[sites.google.com/view/cobrastore/cobra-support.html]
[sites.google.com/view/cobrastore/cobra-recovery.html]
[sites.google.com/view/cobrastore/about.html]
[sites.google.com/view/cobrastore/music.html]
[sites.google.com/view/cobrastore/dev-page.html]
[sites.google.com/view/cobrastore/aptoide.html]
[sites.google.com/view/cobrastore/tiktok.html]
[sites.google.com/view/cobrastore/apps.html]
[sites.google.com/view/cobrastore/snapchat.html]
[sites.google.com/view/cobrastore/granny.html]
[sites.google.com/view/cobrastore/granny-chapter-2.html]
[sites.google.com/view/cobrastore/progressbar95.html]
[sites.google.com/view/cobrastore/games.html]
[sites.google.com/view/cobrastore/wallpapers.html]
[sites.google.com/view/cobrastore/sandbox.html]
[sites.google.com/view/cobrastore/minecraft-earth.html]
[sites.google.com/view/cobrastore/comments.html]
[sites.google.com/view/cobrastore/update.html]
[sites.google.com/view/cobrastore/cobra-support.html]
[sites.google.com/view/cobrastore/cobra-recovery.html]
[sites.google.com/view/cobrastore/dev-page.html]
[sites.google.com/view/cobrastore/aptoide.html]
[sites.google.com/view/cobrastore/tiktok.html]
[www.gstatic.com/images/icons/material/product/1x/sheets_32dp.png]
[sites.google.com/view/cobrastore/snapchat.html]
[sites.google.com/view/cobrastore/granny.html]
[sites.google.com/view/cobrastore/granny-chapter-2.html]
[sites.google.com/view/cobrastore/progressbar95.html]
[sites.google.com/view/cobrastore/sandbox.html]
[sites.google.com/view/cobrastore/minecraft-earth.html]
